MariaDB [(none)]> delimiter $$
MariaDB [(none)]> create database csd2204w18;
    -> $$
Query OK, 1 row affected (0.00 sec)

MariaDB [(none)]> use csd2204w18$$
Database changed
MariaDB [csd2204w18]> createoricedure job_data()
    -> $$
ERROR 1064 (42000): You have an error in your SQL syntax; check the manual that corresponds to your MariaDB server version for the right syntax to use near 'createoricedure job_data()' at line 1
MariaDB [csd2204w18]> CREATE PROCEDURE job_data() > SELECT * FROM JOBS; $$
ERROR 1064 (42000): You have an error in your SQL syntax; check the manual that corresponds to your MariaDB server version for the right syntax to use near '> SELECT * FROM JOBS' at line 1
MariaDB [csd2204w18]> show databases;
    -> $$
+--------------------+
| Database           |
+--------------------+
| assignment         |
| csd2204w18         |
| information_schema |
| joins              |
| mycustomizations   |
| mysql              |
| performance_schema |
| phpmyadmin         |
| test               |
+--------------------+
9 rows in set (0.00 sec)

MariaDB [csd2204w18]> use csd2204w18;
ERROR 1049 (42000): Unknown database 'csd2204w18;'
MariaDB [csd2204w18]> show tables;
    -> $$
+----------------------+
| Tables_in_csd2204w18 |
+----------------------+
| animals              |
| countries            |
| departments          |
| employees            |
| job_history          |
| jobs                 |
| locations            |
| manu                 |
| pet                  |
| products             |
| regions              |
+----------------------+
11 rows in set (0.00 sec)

MariaDB [csd2204w18]> CREATE PROCEDURE job_data() > SELECT * FROM JOBS; $$
ERROR 1064 (42000): You have an error in your SQL syntax; check the manual that corresponds to your MariaDB server version for the right syntax to use near '> SELECT * FROM JOBS' at line 1
MariaDB [csd2204w18]> CREATE PROCEDURE job_data() > SELECT *FROM JOBS; $$
ERROR 1064 (42000): You have an error in your SQL syntax; check the manual that corresponds to your MariaDB server version for the right syntax to use near '> SELECT *FROM JOBS' at line 1
MariaDB [csd2204w18]> CREATE PROCEDURE job_data() SELECT *FROM JOBS; $$
Query OK, 0 rows affected (0.00 sec)

MariaDB [csd2204w18]> show create procedure job_data()$$
ERROR 1064 (42000): You have an error in your SQL syntax; check the manual that corresponds to your MariaDB server version for the right syntax to use near '()' at line 1
MariaDB [csd2204w18]> show create procedure job_data();$$
ERROR 1064 (42000): You have an error in your SQL syntax; check the manual that corresponds to your MariaDB server version for the right syntax to use near '()' at line 1
MariaDB [csd2204w18]> show create procedure job_data;$$
+-----------+--------------------------------------------+----------------------------------------------------------------------------+----------------------+----------------------+--------------------+
| Procedure | sql_mode                                   | Create Procedure                                                           | character_set_client | collation_connection | Database Collation |
+-----------+--------------------------------------------+----------------------------------------------------------------------------+----------------------+----------------------+--------------------+
| job_data  | NO_AUTO_CREATE_USER,NO_ENGINE_SUBSTITUTION | CREATE DEFINER=`root`@`localhost` PROCEDURE `job_data`()
SELECT *FROM JOBS | utf8                 | utf8_general_ci      | latin1_swedish_ci  |
+-----------+--------------------------------------------+----------------------------------------------------------------------------+----------------------+----------------------+--------------------+
1 row in set (0.00 sec)

MariaDB [csd2204w18]> create procedureproc_variable()
    -> $$
ERROR 1064 (42000): You have an error in your SQL syntax; check the manual that corresponds to your MariaDB server version for the right syntax to use near 'procedureproc_variable()' at line 1
MariaDB [csd2204w18]> DELIMITER $$CREATE PROCEDURE proc_Variables() BEGIN
MariaDB [csd2204w18]> DECLARE a INT DEFAULT 10; DECLARE b, c INT;
    -> SET a = a + 100; SET b = 2;
    -> SET c = a + b; BEGIN
    -> DECLARE c INT; SET c = 5; SELECT a, b, c;
    -> END;
    -> SELECT a, b, c; END$$
    -> ◦ CALLproc_Variables();
    -> $$
    -> ;
    -> /c
    -> /c
    -> \c
MariaDB [csd2204w18]> Delimiter $$create procedure proc_variable()
MariaDB [csd2204w18]> begin
    -> declare a int default 10;
    -> declare b,c int;
    -> set a=a+100;
    -> set b=2;
    -> set c=a+b;
    -> begin
    -> declare c int;
    -> set c=5;
    -> select a,b,c;
    -> end;
    -> select a,b,c;
    -> end$$
    -> call proc_variables();
    -> \c
MariaDB [csd2204w18]> begin declare a int default 10; declare b,c int; set a=a+100; set b=2; set c=a+b; begin declare c int; set c=5; select a,b,c; end; select a,b,c; end$$ call proc_variables();
    -> $$
    -> \c
MariaDB [csd2204w18]> Delimiter $$create procedure proc_variable()
MariaDB [csd2204w18]> begin
    -> DECLARE a int default 10;
    -> declare b,c INT;
    -> set a=a+100;
    -> set b=2;
    -> set c=a+b;
    -> begin
    -> declare c int;
    -> set c=5;
    -> select a,b,c;
    -> end;
    -> select a,b,c;
    -> End$$
    -> End $$
    -> \c
MariaDB [csd2204w18]> DELIMITER $$CREATE PROCEDURE proc_Variables() BEGIN
MariaDB [csd2204w18]> DECLARE a INT DEFAULT 10; DECLARE b, c INT;
    -> SET a = a + 100; SET b = 2;
    -> SET c = a + b; BEGIN
    -> DECLARE c INT; SET c = 5; SELECT a, b, c;
    -> END;
    -> SELECT a, b, c; END $$
    -> CALL proc_variables();
    -> \c
MariaDB [csd2204w18]> DELIMITER $$
MariaDB [csd2204w18]> CREATE PROCEDURE proc_User_Variables()
    -> BEGIN
    -> SET @x =15;
    -> SET @y =10;
    -> SELECT @x,@y,@x-@y;
    -> END $$
Query OK, 0 rows affected (0.03 sec)

MariaDB [csd2204w18]> CALL proc_User_Variables();
    -> $$
+------+------+-------+
| @x   | @y   | @x-@y |
+------+------+-------+
|   15 |   10 |     5 |
+------+------+-------+
1 row in set (0.00 sec)

Query OK, 0 rows affected (0.00 sec)

MariaDB [csd2204w18]> DELIMITER $$CREATE PROCEDURE proc_Variables()
MariaDB [csd2204w18]> BEGIN
    -> DECLARE a INT DEFAULT 10;
    -> DECLARE b,c INT;
    -> SET a= a+100;
    -> SET b=2;
    -> SET c=a+b;
    -> BEGIN
    -> DECLARE c INT;
    -> SET c=5;
    -> SELECT a,b,c;
    -> END;
    -> SELECT a,b,c;
    -> END $$
    -> ;
    -> CALL proc_VAriables();
    -> \c
MariaDB [csd2204w18]> select @x ;$$
    -> \c
MariaDB [csd2204w18]> select @x ;
    -> $$
    -> select @x;$$
    -> \c
MariaDB [csd2204w18]> select @x;$$
    -> select@x;$$
    -> ;
    -> \c
MariaDB [csd2204w18]> DELIMITER $$
MariaDB [csd2204w18]> CREATE PROCEDURE proc_Uer_Variables()
    -> BEGIN
    -> SET @x = 15;
    -> SET @y = 10;
    -> SELECT @x,@y,@x-@y;
    -> END$$
Query OK, 0 rows affected (0.04 sec)

MariaDB [csd2204w18]> CALL proc_User_Variables();
    -> $$
+------+------+-------+
| @x   | @y   | @x-@y |
+------+------+-------+
|   15 |   10 |     5 |
+------+------+-------+
1 row in set (0.00 sec)

Query OK, 0 rows affected (0.00 sec)

MariaDB [csd2204w18]> select @x$$
+------+
| @x   |
+------+
|   15 |
+------+
1 row in set (0.00 sec)

MariaDB [csd2204w18]> DELIMITER $$
MariaDB [csd2204w18]> CREATE PROCEDURE proc_IN(IN var1 INT)
    -> BEGIN
    -> SELECT * FROM jobs LIMIT var1;
    -> END$$
Query OK, 0 rows affected (0.03 sec)

MariaDB [csd2204w18]> CALL proc_in(2) $$
+---------+-------------------------------+------------+------------+
| JOB_ID  | JOB_TITLE                     | MIN_SALARY | MAX_SALARY |
+---------+-------------------------------+------------+------------+
| AD_PRES | President                     |      20000 |      40000 |
| AD_VP   | Administration Vice President |      15000 |      30000 |
+---------+-------------------------------+------------+------------+
2 rows in set (0.00 sec)

Query OK, 0 rows affected (0.00 sec)

MariaDB [csd2204w18]> CALL proc_in(7) $$
+------------+-------------------------------+------------+------------+
| JOB_ID     | JOB_TITLE                     | MIN_SALARY | MAX_SALARY |
+------------+-------------------------------+------------+------------+
| AD_PRES    | President                     |      20000 |      40000 |
| AD_VP      | Administration Vice President |      15000 |      30000 |
| AD_ASST    | Administration Assistant      |       3000 |       6000 |
| FI_MGR     | Finance Manager               |       8200 |      16000 |
| FI_ACCOUNT | Accountant                    |       4200 |       9000 |
| AC_MGR     | Accounting Manager            |       8200 |      16000 |
| AC_ACCOUNT | Public Accountant             |       4200 |       9000 |
+------------+-------------------------------+------------+------------+
7 rows in set (0.00 sec)

Query OK, 0 rows affected (0.00 sec)

MariaDB [csd2204w18]> DELIMITER $$
MariaDB [csd2204w18]> CREATE PROCEDURE proc_INOUT (INOUT maxsalary INT, IN desig CHAR(30))
    -> BEGIN
    -> SELECT MAX_SALARY INTO maxsalary FROM jobs WHERE JOB_TITLE = desig;
    -> END $$
Query OK, 0 rows affected (0.03 sec)

MariaDB [csd2204w18]> CALL proc_INOUT(@C,'Stock Clerk;)$$
    '> '
    -> \c
MariaDB [csd2204w18]> CALL proc_INOUT(@C,'Stock Clerk')$$
Query OK, 1 row affected (0.01 sec)

MariaDB [csd2204w18]> SELECT @C$$
+------+
| @C   |
+------+
| 5000 |
+------+
1 row in set (0.00 sec)

MariaDB [csd2204w18]> DELIMITER $$
MariaDB [csd2204w18]> CREATE PROCEDURE proc_IN (IN minsalary INT)
    -> BEGIN
    -> SELECT minsalary from jobs where minsalary>1000;
    -> $$
ERROR 1064 (42000): You have an error in your SQL syntax; check the manual that corresponds to your MariaDB server version for the right syntax to use near '' at line 3
MariaDB [csd2204w18]> CREATE PROCEDURE job_search (IN salary INT) BEGIN SELECT * from jobs where minsalary>salary;$$
ERROR 1064 (42000): You have an error in your SQL syntax; check the manual that corresponds to your MariaDB server version for the right syntax to use near '' at line 1
MariaDB [csd2204w18]> CREATE PROCEDURE job_search (IN salary INT) BEGIN SELECT * from jobs where minsalary>salary;
    -> END $$
Query OK, 0 rows affected (0.03 sec)

MariaDB [csd2204w18]> CALL job_search(1000) $$
ERROR 1054 (42S22): Unknown column 'minsalary' in 'where clause'
MariaDB [csd2204w18]> CREATE PROCEDURE job_search (IN salary INT) BEGIN SELECT * from jobs where min_salary>salary; END$$
ERROR 1304 (42000): PROCEDURE job_search already exists
MariaDB [csd2204w18]> CREATE PROCEDURE job_search1 (IN salary INT) BEGIN SELECT * from jobs where min_salary>salary; END$$
Query OK, 0 rows affected (0.04 sec)

MariaDB [csd2204w18]> CALL job_search(1000) $$
ERROR 1054 (42S22): Unknown column 'minsalary' in 'where clause'
MariaDB [csd2204w18]> CALL job_search(1000) $$;
ERROR 1054 (42S22): Unknown column 'minsalary' in 'where clause'
    -> \c
MariaDB [csd2204w18]> CALL job_search(1000)$$
ERROR 1054 (42S22): Unknown column 'minsalary' in 'where clause'
MariaDB [csd2204w18]> CALL job_search1(1000)$$
+------------+---------------------------------+------------+------------+
| JOB_ID     | JOB_TITLE                       | MIN_SALARY | MAX_SALARY |
+------------+---------------------------------+------------+------------+
| AD_PRES    | President                       |      20000 |      40000 |
| AD_VP      | Administration Vice President   |      15000 |      30000 |
| AD_ASST    | Administration Assistant        |       3000 |       6000 |
| FI_MGR     | Finance Manager                 |       8200 |      16000 |
| FI_ACCOUNT | Accountant                      |       4200 |       9000 |
| AC_MGR     | Accounting Manager              |       8200 |      16000 |
| AC_ACCOUNT | Public Accountant               |       4200 |       9000 |
| SA_MAN     | Sales Manager                   |      10000 |      20000 |
| SA_REP     | Sales Representative            |       6000 |      12000 |
| PU_MAN     | Purchasing Manager              |       8000 |      15000 |
| PU_CLERK   | Purchasing Clerk                |       2500 |       5500 |
| ST_MAN     | Stock Manager                   |       5500 |       8500 |
| ST_CLERK   | Stock Clerk                     |       2000 |       5000 |
| SH_CLERK   | Shipping Clerk                  |       2500 |       5500 |
| IT_PROG    | Programmer                      |       4000 |      10000 |
| MK_MAN     | Marketing Manager               |       9000 |      15000 |
| MK_REP     | Marketing Representative        |       4000 |       9000 |
| HR_REP     | Human Resources Representative  |       4000 |       9000 |
| PR_REP     | Public Relations Representative |       4500 |      10500 |
+------------+---------------------------------+------------+------------+
19 rows in set (0.00 sec)

Query OK, 0 rows affected (0.00 sec)

MariaDB [csd2204w18]> create procedure job_search2(IN SALARY INT,OUT CNTEMP INT) BEGIN select count(*) INTO CNTEMP from jobs where MAX_salary >salary;
    -> END $$
Query OK, 0 rows affected (0.02 sec)

MariaDB [csd2204w18]> CALL job_search2(5000)$$
ERROR 1318 (42000): Incorrect number of arguments for PROCEDURE csd2204w18.job_search2; expected 2, got 1
MariaDB [csd2204w18]> CALL job_search2(5000,@E)$$
Query OK, 1 row affected (0.00 sec)

MariaDB [csd2204w18]> select *from jobs;
    -> $$
+------------+---------------------------------+------------+------------+
| JOB_ID     | JOB_TITLE                       | MIN_SALARY | MAX_SALARY |
+------------+---------------------------------+------------+------------+
| AD_PRES    | President                       |      20000 |      40000 |
| AD_VP      | Administration Vice President   |      15000 |      30000 |
| AD_ASST    | Administration Assistant        |       3000 |       6000 |
| FI_MGR     | Finance Manager                 |       8200 |      16000 |
| FI_ACCOUNT | Accountant                      |       4200 |       9000 |
| AC_MGR     | Accounting Manager              |       8200 |      16000 |
| AC_ACCOUNT | Public Accountant               |       4200 |       9000 |
| SA_MAN     | Sales Manager                   |      10000 |      20000 |
| SA_REP     | Sales Representative            |       6000 |      12000 |
| PU_MAN     | Purchasing Manager              |       8000 |      15000 |
| PU_CLERK   | Purchasing Clerk                |       2500 |       5500 |
| ST_MAN     | Stock Manager                   |       5500 |       8500 |
| ST_CLERK   | Stock Clerk                     |       2000 |       5000 |
| SH_CLERK   | Shipping Clerk                  |       2500 |       5500 |
| IT_PROG    | Programmer                      |       4000 |      10000 |
| MK_MAN     | Marketing Manager               |       9000 |      15000 |
| MK_REP     | Marketing Representative        |       4000 |       9000 |
| HR_REP     | Human Resources Representative  |       4000 |       9000 |
| PR_REP     | Public Relations Representative |       4500 |      10500 |
+------------+---------------------------------+------------+------------+
19 rows in set (0.00 sec)

MariaDB [csd2204w18]> select @E;
    -> $$
+------+
| @E   |
+------+
|   18 |
+------+
1 row in set (0.00 sec)

MariaDB [csd2204w18]> CREATE PROCEDURE proc_INOUT(INOUT maxsalary INT, IN desig CHAR(30))
    -> BEGIN
    -> SELECT MAX_SALARY INTO maxsalary FROM jobs WHERE JOB_TITLE = desig;
    -> END$$
ERROR 1304 (42000): PROCEDURE proc_INOUT already exists
MariaDB [csd2204w18]> CREATE PROCEDURE proc_INOUT1(INOUT maxsalary INT, IN desig CHAR(30)) BEGIN SELECT MAX_SALARY INTO maxsalary FROM jobs WHERE JOB_TITLE = desig; END$$
Query OK, 0 rows affected (0.03 sec)

MariaDB [csd2204w18]> select @C$$
+------+
| @C   |
+------+
| 5000 |
+------+
1 row in set (0.00 sec)

MariaDB [csd2204w18]> DELIMITER$$
ERROR: DELIMITER must be followed by a 'delimiter' character or string
MariaDB [csd2204w18]> DELIMITER $$
MariaDB [csd2204w18]> CREATE PROCEDURE proc_Compare_Salary(IN desig CHAR(30))
    -> BEGIN
    -> DECLARE progSal INT;
    -> DECLARE presSal INT;
    -> SELECT MIN_SALARY INTO progSal FROM jobs WHERE JOB_TITLE = desig;
    -> SELECT MIN_SALARY INTO preSal FROM jobs WHERE JOB_TITLE ='president';
    -> SET presSal/2;
    -> \c
MariaDB [csd2204w18]> CREATE PROCEDURE proc_Compare_Salary(IN desig CHAR(30)) BEGIN DECLARE progSal INT; DECLARE presSal INT; SELECT MIN_SALARY INTO progSal FROM jobs WHERE JOB_TITLE = desig; SELECT MIN_SALARY INTO preSal FROM jobs WHERE JOB_TITLE ='president'; SET presSal/=presSAL/2;
    -> SELECT presSAL;
    -> SELECT progSal;
    -> IF(progSal<presSal)
    -> THEN
    -> SELECT 'You need an increment';
    -> ELSEIF(progSal = presSAL)
    -> THEN
    -> SELECT 'Salary is moderate';
    -> ELSE
    -> SELECT 'You are earning good';
    -> END IF;
    -> END $$
ERROR 1327 (42000): Undeclared variable: preSal
MariaDB [csd2204w18]> CREATE PROCEDURE proc_Compare_Salary(IN desig CHAR(30)) BEGIN DECLARE progSal INT; DECLARE presSal INT; SELECT MIN_SALARY INTO progSal FROM jobs WHERE JOB_TITLE = desig; SELECT MIN_SALARY INTO preSal FROM jobs WHERE JOB_TITLE ='president'; SET presSal/=presSAL/2; SELECT presSAL; SELECT progSal; IF(progSal<presSal) THEN SELECT 'You need an increment'; ELSEIF(progSal = presSAL) THEN SELECT 'Salary is moderate'; ELSE SELECT 'You are earning good'; END IF; END$$
ERROR 1327 (42000): Undeclared variable: preSal
MariaDB [csd2204w18]> DELIMITER $$
MariaDB [csd2204w18]> ◦ CREATE PROCEDURE proc_Compare_Salary(IN desig CHAR(30))
    -> BEGIN
    -> DECLARE progSal INT;
    -> DECLARE presSal INT;
    -> SELECT MIN_SALARY INTO progSal FROM jobs WHERE JOB_TITLE = desig; SELECT MIN_SALARY INTO presSal FROM jobs WHERE JOB_TITLE = 'president'; SET presSal = presSal /2;
    -> SELECT presSal;
    -> SELECT progSal;
    -> IF (progSal < presSal)
    -> THEN
    -> SELECT 'You need an increment.'; ELSEIF (progSal = presSal)
    -> THEN
    -> SELECT 'Salary is moderate'; ELSE
    -> SELECT 'You are earning good'; END IF;
    -> END$$
ERROR 1064 (42000): You have an error in your SQL syntax; check the manual that corresponds to your MariaDB server version for the right syntax to use near '◦ CREATE PROCEDURE proc_Compare_Salary(IN desig CHAR(30))
BEGIN
DECLARE progSa' at line 1
MariaDB [csd2204w18]> ◦ CALL proc_Compare_Salary('Programmer')$$
ERROR 1064 (42000): You have an error in your SQL syntax; check the manual that corresponds to your MariaDB server version for the right syntax to use near '◦ CALL proc_Compare_Salary('Programmer')' at line 1
MariaDB [csd2204w18]> DELIMITER $$
MariaDB [csd2204w18]> CREATE PROCEDURE proc_Compare_Salary(IN desig CHAR(30))
    -> BEGIN
    -> DECLARE progSal INT;
    -> DECLARE presSal INT;
    -> SELECT MIN_SALARY INTO progSal FROM jobs WHERE JOB_TITLE = desig; SELECT MIN_SALARY INTO presSal FROM jobs WHERE JOB_TITLE = 'president'; SET presSal = presSal /2;
    -> SELECT presSal;
    -> SELECT progSal;
    -> IF (progSal < presSal)
    -> THEN
    -> SELECT 'You need an increment.'; ELSEIF (progSal = presSal)
    -> THEN
    -> SELECT 'Salary is moderate'; ELSE
    -> SELECT 'You are earning good'; END IF;
    -> END$$
Query OK, 0 rows affected (0.03 sec)

MariaDB [csd2204w18]> CALL proc_Compare_Salary('Programmer')$$
+---------+
| presSal |
+---------+
|   10000 |
+---------+
1 row in set (0.00 sec)

+---------+
| progSal |
+---------+
|    4000 |
+---------+
1 row in set (0.00 sec)

+------------------------+
| You need an increment. |
+------------------------+
| You need an increment. |
+------------------------+
1 row in set (0.00 sec)

Query OK, 0 rows affected (0.00 sec)

MariaDB [csd2204w18]> show procedures;
    -> $$
ERROR 1064 (42000): You have an error in your SQL syntax; check the manual that corresponds to your MariaDB server version for the right syntax to use near 'procedures' at line 1
MariaDB [csd2204w18]> DELIMITER $$
MariaDB [csd2204w18]> CREATE PROCEDURE proc_Case (INOUT no_employees INT, IN
    -> salary INT) BEGIN
    -> CASE
    -> WHEN (salary>10000)
    -> jobs jobs
    -> THEN (SELECT COUNT(job_id) INTO no_employees FROM WHERE min_salary>10000);
    -> WHEN (salary<10000)
    -> THEN (SELECT COUNT(job_id) INTO no_employees FROM WHERE min_salary<10000);
    -> ELSE (SELECT COUNT(job_id) INTO no_employees FROM jobs WHERE min_salary=10000);
    -> END CASE; END$$
ERROR 1064 (42000): You have an error in your SQL syntax; check the manual that corresponds to your MariaDB server version for the right syntax to use near 'jobs jobs
THEN (SELECT COUNT(job_id) INTO no_employees FROM WHERE min_salary>100' at line 5
MariaDB [csd2204w18]> DELIMITER $$
MariaDB [csd2204w18]> CREATE PROCEDURE proc_Case (INOUT no_employees INT, IN
    -> salary INT) BEGIN
    -> CASE
    -> WHEN (salary>10000)
    -> THEN (SELECT COUNT(job_id) INTO no_employees FROM jobs
    -> WHERE min_salary>10000);
    -> WHEN (salary<10000)
    -> THEN (SELECT COUNT(job_id) INTO no_employees FROM jobs
    -> WHERE min_salary<10000);
    -> ELSE (SELECT COUNT(job_id) INTO no_employees FROM jobs WHERE min_salary=10000);
    -> END CASE; END$$
Query OK, 0 rows affected (0.03 sec)

MariaDB [csd2204w18]> CALL proc_Case(@C,10001)$$
Query OK, 1 row affected (0.00 sec)

MariaDB [csd2204w18]> SELECT @C$$
+------+
| @C   |
+------+
|    2 |
+------+
1 row in set (0.00 sec)

MariaDB [csd2204w18]> DELIMITER$$
ERROR: DELIMITER must be followed by a 'delimiter' character or string
MariaDB [csd2204w18]> DELIMITER $$
MariaDB [csd2204w18]> CREATEPROCEDUREproc_LOOP(INnumINT)
    -> BEGIN
    -> DECLARE x INT;
    -> SET x = 0; loop_label: LOOP
    -> INSERT INTO number VALUES (rand()); SET x = x + 1;
    -> IF x >= num
    -> THEN LEAVE loop_label;
    -> END IF; END LOOP;
    -> END$$
ERROR 1064 (42000): You have an error in your SQL syntax; check the manual that corresponds to your MariaDB server version for the right syntax to use near 'CREATEPROCEDUREproc_LOOP(INnumINT)
BEGIN
DECLARE x INT;
SET x = 0; loop_label: L' at line 1
MariaDB [csd2204w18]> DELIMITER $$
MariaDB [csd2204w18]> CREATEPROCEDUREproc_LOOP(INnumINT)
    -> \c
MariaDB [csd2204w18]> DELIMITER $$
MariaDB [csd2204w18]> CREATE PROCEDURE proc_LOOP(IN num INT)
    -> BEGIN
    -> DECLARE x INT;
    -> SET x = 0; loop_label: LOOP
    -> INSERT INTO number VALUES (rand()); SET x = x + 1;
    -> IF x >= num
    -> THEN LEAVE loop_label;
    -> END IF; END LOOP;
    -> END $$
Query OK, 0 rows affected (0.03 sec)

MariaDB [csd2204w18]> CALL proc_LOOP(3)$$
ERROR 1146 (42S02): Table 'csd2204w18.number' doesn't exist
MariaDB [csd2204w18]> create table numbers(n1 real(3,2));
    -> $$
Query OK, 0 rows affected (0.02 sec)

MariaDB [csd2204w18]> CALLproc_LOOP(3)$$
ERROR 1064 (42000): You have an error in your SQL syntax; check the manual that corresponds to your MariaDB server version for the right syntax to use near 'CALLproc_LOOP(3)' at line 1
MariaDB [csd2204w18]> CALL proc_LOOP(3)$$
ERROR 1146 (42S02): Table 'csd2204w18.number' doesn't exist
MariaDB [csd2204w18]> drop table numbers;
    -> $$
Query OK, 0 rows affected (0.01 sec)

MariaDB [csd2204w18]> CREATE TABLE numbers ( n1 real(3,2) );
    -> $$
Query OK, 0 rows affected (0.02 sec)

MariaDB [csd2204w18]> CALLproc_LOOP(3)$$
ERROR 1064 (42000): You have an error in your SQL syntax; check the manual that corresponds to your MariaDB server version for the right syntax to use near 'CALLproc_LOOP(3)' at line 1
MariaDB [csd2204w18]> CALL proc_LOOP(3)$$
ERROR 1146 (42S02): Table 'csd2204w18.number' doesn't exist
MariaDB [csd2204w18]> drop table numbers;
    -> $$
Query OK, 0 rows affected (0.01 sec)

MariaDB [csd2204w18]> CREATE TABLE number ( n1 real(3,2) );
    -> $$
Query OK, 0 rows affected (0.02 sec)

MariaDB [csd2204w18]> CALLproc_LOOP(3)$$
ERROR 1064 (42000): You have an error in your SQL syntax; check the manual that corresponds to your MariaDB server version for the right syntax to use near 'CALLproc_LOOP(3)' at line 1
MariaDB [csd2204w18]> CALL proc_LOOP(3)$$
Query OK, 1 row affected (0.01 sec)

MariaDB [csd2204w18]> Select*fromnumber$$
ERROR 1064 (42000): You have an error in your SQL syntax; check the manual that corresponds to your MariaDB server version for the right syntax to use near 'fromnumber' at line 1
MariaDB [csd2204w18]> Select * from number $$
+------+
| n1   |
+------+
| 0.53 |
| 0.04 |
| 0.62 |
+------+
3 rows in set (0.00 sec)

MariaDB [csd2204w18]> DELIMITER $$
MariaDB [csd2204w18]> CREATEPROCEDUREproc_REPEAT(INnINT)
    -> BEGIN
    -> SET @sum = 0;
    -> SET @x = 1; REPEAT
    -> IF mod(@x, 2) = 0
    -> THEN SET @sum = @sum + @x; END IF;
    -> SET @x = @x + 1;
    -> UNTIL @x > n
    -> END REPEAT; END $$
ERROR 1064 (42000): You have an error in your SQL syntax; check the manual that corresponds to your MariaDB server version for the right syntax to use near 'CREATEPROCEDUREproc_REPEAT(INnINT)
BEGIN
SET @sum = 0;
SET @x = 1; REPEAT
IF mod' at line 1
MariaDB [csd2204w18]> DELIMITER$$
ERROR: DELIMITER must be followed by a 'delimiter' character or string
MariaDB [csd2204w18]> DELIMITER $$
MariaDB [csd2204w18]> CREATE PROCEDURE proc_REPEAT(INnINT)
    -> BEGIN
    -> SET @sum = 0;
    -> SET @x = 1; REPEAT
    -> IF mod(@x, 2) = 0
    -> THEN SET @sum = @sum + @x; END IF;
    -> SET @x = @x + 1;
    -> UNTIL @x > n
    -> END REPEAT;
    -> END $$
ERROR 1064 (42000): You have an error in your SQL syntax; check the manual that corresponds to your MariaDB server version for the right syntax to use near ')
BEGIN
SET @sum = 0;
SET @x = 1; REPEAT
IF mod(@x, 2) = 0
THEN SET @sum = @sum ' at line 1
MariaDB [csd2204w18]> DELIMITER $$
MariaDB [csd2204w18]> CREATE PROCEDURE proc_REPEAT(INnINT)
    -> BEGIN
    -> SET @sum = 0;
    -> SET @x = 1; REPEAT
    -> IF mod(@x, 2) = 0
    -> THEN SET @sum = @sum + @x; END IF;
    -> SET @x = @x + 1;
    -> UNTIL @x > n
    -> END REPEAT;
    -> END $$
ERROR 1064 (42000): You have an error in your SQL syntax; check the manual that corresponds to your MariaDB server version for the right syntax to use near ')
BEGIN
SET @sum = 0;
SET @x = 1; REPEAT
IF mod(@x, 2) = 0
THEN SET @sum = @sum ' at line 1
MariaDB [csd2204w18]> CREATE PROCEDURE proc_REPEAT(INnINT) BEGIN SET @sum = 0; SET @x = 1; REPEAT IF mod(@x, 2) = 0; THEN SET @sum = @sum + @x; END IF; SET @x = @x + 1; UNTIL @x > n END REPEAT; END$$
ERROR 1064 (42000): You have an error in your SQL syntax; check the manual that corresponds to your MariaDB server version for the right syntax to use near ') BEGIN SET @sum = 0; SET @x = 1; REPEAT IF mod(@x, 2) = 0; THEN SET @sum = @sum' at line 1
MariaDB [csd2204w18]> DELIMITER $$
MariaDB [csd2204w18]> CREATEPROCEDUREproc_REPEAT(INnINT)
    -> \c
MariaDB [csd2204w18]> DELIMITER $$
MariaDB [csd2204w18]> CREATE PROCEDURE proc_REPEAT(INnINT)
    -> BEGIN
    -> SET @sum = 0;
    -> SET @x = 1; REPEAT
    -> IF mod(@x, 2) = 0
    -> THEN SET @sum = @sum + @x; END IF;
    -> SET @x = @x + 1;
    -> UNTIL @x > n
    -> END REPEAT; END $$
ERROR 1064 (42000): You have an error in your SQL syntax; check the manual that corresponds to your MariaDB server version for the right syntax to use near ')
BEGIN
SET @sum = 0;
SET @x = 1; REPEAT
IF mod(@x, 2) = 0
THEN SET @sum = @sum ' at line 1
MariaDB [csd2204w18]> DELIMITER $$
MariaDB [csd2204w18]> CREATE PROCEDURE proc_REPEAT(IN n INT)
    -> BEGIN
    -> SET @sum = 0;
    -> SET @x = 1; REPEAT
    -> IF mod(@x, 2) = 0
    -> THEN SET @sum = @sum + @x; END IF;
    -> SET @x = @x + 1;
    -> UNTIL @x > n
    -> END REPEAT; END $$
Query OK, 0 rows affected (0.03 sec)

MariaDB [csd2204w18]> CALLproc_REPEAT(5)$$
ERROR 1064 (42000): You have an error in your SQL syntax; check the manual that corresponds to your MariaDB server version for the right syntax to use near 'CALLproc_REPEAT(5)' at line 1
MariaDB [csd2204w18]> CALL proc_REPEAT(5)$$
Query OK, 0 rows affected (0.00 sec)

MariaDB [csd2204w18]> SELECT @sum$$
+------+
| @sum |
+------+
|    6 |
+------+
1 row in set (0.00 sec)

MariaDB [csd2204w18]> DELIMITER $$
MariaDB [csd2204w18]> CREATE PROCEDURE proc_WHILE(IN n INT)
    -> BEGIN
    -> SET @sum = 0; SET @x = 1; WHILE @x<n DO
    -> IF mod(@x, 2) <> 0
    -> THEN SET @sum = @sum + @x; END IF;
    -> SET @x = @x + 1;
    -> END WHILE; END$$
Query OK, 0 rows affected (0.03 sec)

MariaDB [csd2204w18]> CALL proc_WHILE(5)$$
Query OK, 0 rows affected (0.00 sec)

MariaDB [csd2204w18]> SELECT @sum$$
+------+
| @sum |
+------+
|    4 |
+------+
1 row in set (0.00 sec)

MariaDB [csd2204w18]> CALL my_proc_WHILE(10)$$
ERROR 1305 (42000): PROCEDURE csd2204w18.my_proc_WHILE does not exist
MariaDB [csd2204w18]> CALL proc_WHILE(10)$$
Query OK, 0 rows affected (0.00 sec)

MariaDB [csd2204w18]> SELECT @sum$$
+------+
| @sum |
+------+
|   25 |
+------+
1 row in set (0.00 sec)

MariaDB [csd2204w18]> exit;
    -> $$
ERROR 1064 (42000): You have an error in your SQL syntax; check the manual that corresponds to your MariaDB server version for the right syntax to use near 'exit' at line 1
MariaDB [csd2204w18]> exit $$
